== off-track report — xiaoshu.tsv (as-of 2026-05-21) ==

ledger: 3 measurement row(s), 1 child(ren)
"short" is a position; "off-track" is a direction. This report grades direction.

child xiaoshu  (M, born 2012-05-20)

LAST MEASUREMENT  2026-05-21  height 153.3 cm  age 168.0 mo  P9.9  band 1 (P3-P10)

HEIGHT TRACK (3 gradable measurements age>=24mo)
  band path:   2 1 1
  drift -1 band(s) over the whole track; steepest single window 1

VELOCITY (age-segment floors in cm/yr)
  2024-05-20 -> 2025-05-21    6.4 cm/yr  (floor 4.0)  OK
  2025-05-21 -> 2026-05-21    7.2 cm/yr  (floor 4.0)  OK
  whole-span 6.8 cm/yr over 731 days (sum of windows, weighted identity)

TARGET HEIGHT (mid-parental)  180.5 cm, range [172.0, 189.0]
  last height rides P9.9 -> projects to ~167.6 cm at age 20 on the same band
  projection is BELOW target range

BMI TRACK (0 gradable rows)
  DECLINED  need >=2 rows with weight, age>=24mo, spanning >=120 days

VERDICT
  GREEN  on-track: no band-crossing or velocity signal
  PORTRAIT  below target + family late-bloomer history + pubertal age
  + velocity intact = consistent with constitutional delay.
  This is a picture, not an exemption: bone age is the only referee,
  and this tool refuses to invent it.

Not medical advice. Thresholds are common priors and every one of them
is a -- flag; the pediatrician and the booklet win over this tool.
